com/luanphm/dictionarybackend/repository/favorite_word/FavoriteWordElasticsearchRepositoryImpl.class
com/luanphm/dictionarybackend/dto/CardInsertDTO$CardInsertDTOBuilder.class
com/luanphm/dictionarybackend/entity/StudiableCardId$StudiableCardIdBuilder.class
com/luanphm/dictionarybackend/mapping/StudiableCardMapping.class
com/luanphm/dictionarybackend/repository/card_set_session/CardSetSessionCustomRepositoryImpl.class
com/luanphm/dictionarybackend/mapping/CardSetSessionMappingImpl.class
com/luanphm/dictionarybackend/controller/WordDetailController.class
com/luanphm/dictionarybackend/service/WordDetailService.class
com/luanphm/dictionarybackend/repository/studiable_card/StudiableCardCustomRepositoryImpl.class
com/luanphm/dictionarybackend/entity/word_entity/DefinitionDetail.class
com/luanphm/dictionarybackend/service/FavoriteWordService.class
com/luanphm/dictionarybackend/controller/LogoutController.class
com/luanphm/dictionarybackend/configuration/security/CustomUserDetail.class
com/luanphm/dictionarybackend/constant/ExceptionConstants.class
com/luanphm/dictionarybackend/repository/user/UserCustomRepository.class
com/luanphm/dictionarybackend/service/SharedService/MyAbstractService.class
com/luanphm/dictionarybackend/mapping/StudiableCardIdMappingImpl.class
com/luanphm/dictionarybackend/handler/RapidApiRequestHandler.class
com/luanphm/dictionarybackend/entity/BaseEntity.class
com/luanphm/dictionarybackend/service/FavoriteWordServiceImpl.class
com/luanphm/dictionarybackend/entity/Role$RoleBuilder.class
com/luanphm/dictionarybackend/dto/CardSetInsertDTO.class
com/luanphm/dictionarybackend/dto/CardSetDTO.class
com/luanphm/dictionarybackend/constant/SecurityUtils.class
com/luanphm/dictionarybackend/entity/Hint$HintBuilder.class
com/luanphm/dictionarybackend/entity/CardSet.class
com/luanphm/dictionarybackend/service/CardSetSessionServiceImpl.class
com/luanphm/dictionarybackend/repository/user/UserRepository.class
com/luanphm/dictionarybackend/dto/WordDetailDTO$WordDetailDTOBuilder.class
com/luanphm/dictionarybackend/dto/UserInfoDTO.class
com/luanphm/dictionarybackend/entity/CardSetSession$CardSetSessionBuilder.class
com/luanphm/dictionarybackend/mapping/WordDetailMappingImpl.class
com/luanphm/dictionarybackend/repository/user/UserJpaRepository.class
com/luanphm/dictionarybackend/entity/word_entity/Pronunciation$PronunciationBuilder.class
com/luanphm/dictionarybackend/repository/word_detail/WordDetailCambridgeCrawlingRepositoryImpl.class
com/luanphm/dictionarybackend/controller/HomeController.class
com/luanphm/dictionarybackend/repository/hint/HintElasticRepositoryImpl.class
com/luanphm/dictionarybackend/service/SharedService/MyAbstractSession.class
com/luanphm/dictionarybackend/repository/card/CardCustomRepository.class
com/luanphm/dictionarybackend/service/JsonWebTokenServiceImpl.class
com/luanphm/dictionarybackend/controller/FavoriteWordController.class
com/luanphm/dictionarybackend/configuration/elastic/RestClientConfig.class
com/luanphm/dictionarybackend/entity/CardStatus.class
com/luanphm/dictionarybackend/configuration/security/UserWithRoleDTO.class
com/luanphm/dictionarybackend/repository/card/CardJpaRepository.class
com/luanphm/dictionarybackend/service/UserServiceImpl.class
com/luanphm/dictionarybackend/constant/CommonConstants.class
com/luanphm/dictionarybackend/dto/CardSetInsertDTO$CardSetInsertDTOBuilder.class
com/luanphm/dictionarybackend/entity/WordDetail$WordDetailBuilder.class
com/luanphm/dictionarybackend/utility/ElasticUtilities.class
com/luanphm/dictionarybackend/dto/DefinitionDetailDTO.class
com/luanphm/dictionarybackend/dto/CardSetSessionDTO.class
com/luanphm/dictionarybackend/DictionaryBackendApplication.class
com/luanphm/dictionarybackend/mapping/StudiableCardMappingImpl.class
com/luanphm/dictionarybackend/dto/UserInfoDTO$UserInfoDTOBuilder.class
com/luanphm/dictionarybackend/repository/card_set/CardSetJpaRepository.class
com/luanphm/dictionarybackend/entity/Card.class
com/luanphm/dictionarybackend/mapping/FavoriteWordMappingImpl.class
com/luanphm/dictionarybackend/entity/Card$CardBuilder.class
com/luanphm/dictionarybackend/service/JsonWebTokenService.class
com/luanphm/dictionarybackend/entity/WordDetail.class
com/luanphm/dictionarybackend/dto/CardStatusDTO.class
com/luanphm/dictionarybackend/entity/FavoriteWord.class
com/luanphm/dictionarybackend/controller/CardSetSessionController.class
com/luanphm/dictionarybackend/repository/card_set/CardSetRepository.class
com/luanphm/dictionarybackend/mapping/CardSetMappingImpl.class
com/luanphm/dictionarybackend/configuration/swagger/SpringFoxConfig.class
com/luanphm/dictionarybackend/controller/ExceptionController.class
com/luanphm/dictionarybackend/mapping/FavoriteWordMapping.class
com/luanphm/dictionarybackend/service/HintService.class
com/luanphm/dictionarybackend/mapping/CardSetSessionMapping.class
com/luanphm/dictionarybackend/dto/RoleDTO.class
com/luanphm/dictionarybackend/entity/CardSet$CardSetBuilder.class
com/luanphm/dictionarybackend/controller/LoginController$1AuthenticationInformation.class
com/luanphm/dictionarybackend/entity/StudiableCard.class
com/luanphm/dictionarybackend/configuration/security/UserWithRoleDTO$UserWithRoleDTOBuilder.class
com/luanphm/dictionarybackend/dto/RoleDTO$RoleDTOBuilder.class
com/luanphm/dictionarybackend/configuration/security/JwtAuthenticationFilter.class
com/luanphm/dictionarybackend/dto/UserChangeEmailDTO$UserChangeEmailDTOBuilder.class
com/luanphm/dictionarybackend/dto/UserChangePasswordDTO.class
com/luanphm/dictionarybackend/service/StudiableCardService.class
com/luanphm/dictionarybackend/service/WordDetailServiceImpl.class
com/luanphm/dictionarybackend/dto/DefinitionDetailDTO$DefinitionDetailDTOBuilder.class
com/luanphm/dictionarybackend/mapping/CardMappingImpl.class
com/luanphm/dictionarybackend/utility/CommonUtilities.class
com/luanphm/dictionarybackend/mapping/common/BaseMapping.class
com/luanphm/dictionarybackend/controller/SharedController/MyAbstractController.class
com/luanphm/dictionarybackend/handler/DefinitionDetailMapping.class
com/luanphm/dictionarybackend/service/CardSetSessionService.class
com/luanphm/dictionarybackend/dto/CardSetSessionLearningDTO$CardSetSessionLearningDTOBuilder.class
com/luanphm/dictionarybackend/entity/User.class
com/luanphm/dictionarybackend/dto/StudiableCardIdDTO.class
com/luanphm/dictionarybackend/repository/hint/HintRepository.class
com/luanphm/dictionarybackend/dto/FavoriteWordDTO$FavoriteWordDTOBuilder.class
com/luanphm/dictionarybackend/repository/card/CardRepository.class
com/luanphm/dictionarybackend/controller/HintController.class
com/luanphm/dictionarybackend/entity/word_entity/DefinitionDetail$DefinitionDetailBuilder.class
com/luanphm/dictionarybackend/configuration/security/WebSecurityConfig.class
com/luanphm/dictionarybackend/dto/CardDTO.class
com/luanphm/dictionarybackend/controller/LoginController.class
com/luanphm/dictionarybackend/controller/UserController.class
com/luanphm/dictionarybackend/entity/User$UserBuilder.class
com/luanphm/dictionarybackend/service/CardService.class
com/luanphm/dictionarybackend/configuration/elastic/RestClientConfig$1.class
com/luanphm/dictionarybackend/mapping/StudiableCardIdMapping.class
com/luanphm/dictionarybackend/entity/RapidApiError$RapidApiErrorBuilder.class
com/luanphm/dictionarybackend/entity/word_entity/Syllables.class
com/luanphm/dictionarybackend/dto/CardSetSessionLearningDTO.class
com/luanphm/dictionarybackend/configuration/security/JwtAuthorizationFilter.class
com/luanphm/dictionarybackend/dto/StudiableCardDTO$StudiableCardDTOBuilder.class
com/luanphm/dictionarybackend/mapping/CardSetMapping.class
com/luanphm/dictionarybackend/entity/FavoriteWord$FavoriteWordBuilder.class
com/luanphm/dictionarybackend/dto/WordDetailDTO.class
com/luanphm/dictionarybackend/repository/word_detail/WordDetailRepository.class
com/luanphm/dictionarybackend/dto/CardInsertManyDTO.class
com/luanphm/dictionarybackend/repository/studiable_card/StudiableCardCustomRepository.class
com/luanphm/dictionarybackend/constant/ElasticIndexes.class
com/luanphm/dictionarybackend/controller/CardSetController.class
com/luanphm/dictionarybackend/dto/PronunciationDTO.class
com/luanphm/dictionarybackend/dto/StudiableCardCountDTO$StudiableCardCountDTOBuilder.class
com/luanphm/dictionarybackend/handler/ElasticSearchHandler.class
com/luanphm/dictionarybackend/dto/ResponseDTO$ResponseDTOBuilder.class
com/luanphm/dictionarybackend/dto/SyllablesDTO.class
com/luanphm/dictionarybackend/service/CardSetServiceImpl.class
com/luanphm/dictionarybackend/dto/CardSetUpdateNameDTO.class
com/luanphm/dictionarybackend/repository/word_detail/WordDetailElasticRepositoryImpl.class
com/luanphm/dictionarybackend/dto/CardDTO$CardDTOBuilder.class
com/luanphm/dictionarybackend/service/SharedService/MyInterfaceService.class
com/luanphm/dictionarybackend/mapping/CardMapping.class
com/luanphm/dictionarybackend/service/CardSetService.class
com/luanphm/dictionarybackend/dto/StudiableCardLearnDTO.class
com/luanphm/dictionarybackend/dto/StudiableCardDTO.class
com/luanphm/dictionarybackend/constant/ElasticFields.class
com/luanphm/dictionarybackend/service/StudiableCardServiceImpl.class
com/luanphm/dictionarybackend/dto/FavoriteWordDTO.class
com/luanphm/dictionarybackend/dto/CardInsertManyDTO$CardInsertManyDTOBuilder.class
com/luanphm/dictionarybackend/utility/RecordNotFoundException.class
com/luanphm/dictionarybackend/dto/StudiableCardLearnDTO$StudiableCardLearnDTOBuilder.class
com/luanphm/dictionarybackend/configuration/security/UserLogin.class
com/luanphm/dictionarybackend/dto/UserChangePasswordDTO$UserChangePasswordDTOBuilder.class
com/luanphm/dictionarybackend/dto/UserRegisterDTO.class
com/luanphm/dictionarybackend/repository/card_set_session/CardSetSessionRepository.class
com/luanphm/dictionarybackend/dto/CardSetUpdateNameDTO$CardSetUpdateNameDTOBuilder.class
com/luanphm/dictionarybackend/repository/card/CardCustomRepositoryImpl.class
com/luanphm/dictionarybackend/controller/ErrorController.class
com/luanphm/dictionarybackend/handler/DefinitionDetailMappingImpl.class
com/luanphm/dictionarybackend/repository/studiable_card/StudiableCardJpaRepository.class
com/luanphm/dictionarybackend/dto/StudiableCardCountDTO.class
com/luanphm/dictionarybackend/repository/favorite_word/FavoriteWordRepository.class
com/luanphm/dictionarybackend/utility/Navigator.class
com/luanphm/dictionarybackend/dto/ResponseDTO.class
com/luanphm/dictionarybackend/dto/UserRegisterDTO$UserRegisterDTOBuilder.class
com/luanphm/dictionarybackend/controller/CardController.class
com/luanphm/dictionarybackend/repository/card_set_session/CardSetSessionJpaRepository.class
com/luanphm/dictionarybackend/entity/StudiableCard$StudiableCardBuilder.class
com/luanphm/dictionarybackend/repository/user/UserCustomRepositoryImpl.class
com/luanphm/dictionarybackend/repository/studiable_card/StudiableCardRepository.class
com/luanphm/dictionarybackend/repository/card_set/CardSetCustomRepositoryImpl.class
com/luanphm/dictionarybackend/mapping/WordDetailMapping.class
com/luanphm/dictionarybackend/entity/CardSetSession.class
com/luanphm/dictionarybackend/dto/StudiableCardIdLearnDTO.class
com/luanphm/dictionarybackend/repository/card_set_session/CardSetSessionCustomRepository.class
com/luanphm/dictionarybackend/service/HintServiceImpl.class
com/luanphm/dictionarybackend/controller/FlashcardController.class
com/luanphm/dictionarybackend/entity/RapidApiError.class
com/luanphm/dictionarybackend/utility/Endpoint.class
com/luanphm/dictionarybackend/dto/CardInsertDTO.class
com/luanphm/dictionarybackend/entity/Role.class
com/luanphm/dictionarybackend/handler/MyJpaRepository.class
com/luanphm/dictionarybackend/entity/word_entity/Pronunciation.class
com/luanphm/dictionarybackend/mapping/common/MappingHelper.class
com/luanphm/dictionarybackend/entity/Hint.class
com/luanphm/dictionarybackend/entity/word_entity/Syllables$SyllablesBuilder.class
com/luanphm/dictionarybackend/configuration/redis/RedisConfiguration.class
com/luanphm/dictionarybackend/service/CardServiceImpl.class
com/luanphm/dictionarybackend/repository/card_set/CardSetCustomRepository.class
com/luanphm/dictionarybackend/entity/StudiableCardId.class
com/luanphm/dictionarybackend/dto/UserChangeEmailDTO.class
com/luanphm/dictionarybackend/configuration/security/UserDetailServiceImpl.class
com/luanphm/dictionarybackend/service/UserService.class
