/app/src/main/java/com/luanphm/dictionarybackend/controller/FavoriteWordController.java
/app/src/main/java/com/luanphm/dictionarybackend/repository/studiable_card/StudiableCardJpaRepository.java
/app/src/main/java/com/luanphm/dictionarybackend/entity/Hint.java
/app/src/main/java/com/luanphm/dictionarybackend/repository/studiable_card/StudiableCardCustomRepository.java
/app/src/main/java/com/luanphm/dictionarybackend/mapping/CardSetSessionMapping.java
/app/src/main/java/com/luanphm/dictionarybackend/dto/PronunciationDTO.java
/app/src/main/java/com/luanphm/dictionarybackend/service/CardSetServiceImpl.java
/app/src/main/java/com/luanphm/dictionarybackend/mapping/CardMapping.java
/app/src/main/java/com/luanphm/dictionarybackend/mapping/common/MappingHelper.java
/app/src/main/java/com/luanphm/dictionarybackend/dto/FavoriteWordDTO.java
/app/src/main/java/com/luanphm/dictionarybackend/entity/CardSet.java
/app/src/main/java/com/luanphm/dictionarybackend/repository/user/UserCustomRepositoryImpl.java
/app/src/main/java/com/luanphm/dictionarybackend/repository/card_set/CardSetCustomRepositoryImpl.java
/app/src/main/java/com/luanphm/dictionarybackend/configuration/security/UserWithRoleDTO.java
/app/src/main/java/com/luanphm/dictionarybackend/constant/ElasticFields.java
/app/src/main/java/com/luanphm/dictionarybackend/repository/studiable_card/StudiableCardCustomRepositoryImpl.java
/app/src/main/java/com/luanphm/dictionarybackend/mapping/CardSetMapping.java
/app/src/main/java/com/luanphm/dictionarybackend/dto/StudiableCardDTO.java
/app/src/main/java/com/luanphm/dictionarybackend/repository/user/UserRepository.java
/app/src/main/java/com/luanphm/dictionarybackend/repository/word_detail/WordDetailCambridgeCrawlingRepositoryImpl.java
/app/src/main/java/com/luanphm/dictionarybackend/repository/card_set_session/CardSetSessionJpaRepository.java
/app/src/main/java/com/luanphm/dictionarybackend/dto/ResponseDTO.java
/app/src/main/java/com/luanphm/dictionarybackend/utility/Endpoint.java
/app/src/main/java/com/luanphm/dictionarybackend/service/JsonWebTokenServiceImpl.java
/app/src/main/java/com/luanphm/dictionarybackend/dto/UserChangePasswordDTO.java
/app/src/main/java/com/luanphm/dictionarybackend/repository/favorite_word/FavoriteWordRepository.java
/app/src/main/java/com/luanphm/dictionarybackend/dto/SyllablesDTO.java
/app/src/main/java/com/luanphm/dictionarybackend/repository/word_detail/WordDetailRepository.java
/app/src/main/java/com/luanphm/dictionarybackend/configuration/elastic/RestClientConfig.java
/app/src/main/java/com/luanphm/dictionarybackend/service/CardService.java
/app/src/main/java/com/luanphm/dictionarybackend/service/HintServiceImpl.java
/app/src/main/java/com/luanphm/dictionarybackend/entity/CardSetSession.java
/app/src/main/java/com/luanphm/dictionarybackend/entity/BaseEntity.java
/app/src/main/java/com/luanphm/dictionarybackend/constant/SecurityUtils.java
/app/src/main/java/com/luanphm/dictionarybackend/entity/word_entity/Syllables.java
/app/src/main/java/com/luanphm/dictionarybackend/entity/word_entity/DefinitionDetail.java
/app/src/main/java/com/luanphm/dictionarybackend/repository/card_set_session/CardSetSessionCustomRepositoryImpl.java
/app/src/main/java/com/luanphm/dictionarybackend/configuration/security/CustomUserDetail.java
/app/src/main/java/com/luanphm/dictionarybackend/controller/UserController.java
/app/src/main/java/com/luanphm/dictionarybackend/entity/word_entity/Pronunciation.java
/app/src/main/java/com/luanphm/dictionarybackend/controller/FlashcardController.java
/app/src/main/java/com/luanphm/dictionarybackend/service/WordDetailServiceImpl.java
/app/src/main/java/com/luanphm/dictionarybackend/repository/word_detail/WordDetailElasticRepositoryImpl.java
/app/src/main/java/com/luanphm/dictionarybackend/controller/HomeController.java
/app/src/main/java/com/luanphm/dictionarybackend/dto/UserInfoDTO.java
/app/src/main/java/com/luanphm/dictionarybackend/repository/user/UserCustomRepository.java
/app/src/main/java/com/luanphm/dictionarybackend/dto/StudiableCardIdLearnDTO.java
/app/src/main/java/com/luanphm/dictionarybackend/utility/CommonUtilities.java
/app/src/main/java/com/luanphm/dictionarybackend/service/SharedService/MyAbstractService.java
/app/src/main/java/com/luanphm/dictionarybackend/handler/RapidApiRequestHandler.java
/app/src/main/java/com/luanphm/dictionarybackend/dto/CardStatusDTO.java
/app/src/main/java/com/luanphm/dictionarybackend/configuration/swagger/SpringFoxConfig.java
/app/src/main/java/com/luanphm/dictionarybackend/dto/CardSetSessionLearningDTO.java
/app/src/main/java/com/luanphm/dictionarybackend/entity/StudiableCardId.java
/app/src/main/java/com/luanphm/dictionarybackend/service/FavoriteWordService.java
/app/src/main/java/com/luanphm/dictionarybackend/utility/ElasticUtilities.java
/app/src/main/java/com/luanphm/dictionarybackend/configuration/security/JwtAuthorizationFilter.java
/app/src/main/java/com/luanphm/dictionarybackend/configuration/security/UserDetailServiceImpl.java
/app/src/main/java/com/luanphm/dictionarybackend/repository/card_set_session/CardSetSessionCustomRepository.java
/app/src/main/java/com/luanphm/dictionarybackend/mapping/FavoriteWordMapping.java
/app/src/main/java/com/luanphm/dictionarybackend/repository/user/UserJpaRepository.java
/app/src/main/java/com/luanphm/dictionarybackend/controller/SharedController/MyAbstractController.java
/app/src/main/java/com/luanphm/dictionarybackend/constant/ElasticIndexes.java
/app/src/main/java/com/luanphm/dictionarybackend/repository/studiable_card/StudiableCardRepository.java
/app/src/main/java/com/luanphm/dictionarybackend/entity/StudiableCard.java
/app/src/main/java/com/luanphm/dictionarybackend/repository/card_set/CardSetRepository.java
/app/src/main/java/com/luanphm/dictionarybackend/dto/CardSetDTO.java
/app/src/main/java/com/luanphm/dictionarybackend/controller/LogoutController.java
/app/src/main/java/com/luanphm/dictionarybackend/controller/CardSetSessionController.java
/app/src/main/java/com/luanphm/dictionarybackend/service/SharedService/MyInterfaceService.java
/app/src/main/java/com/luanphm/dictionarybackend/repository/card/CardRepository.java
/app/src/main/java/com/luanphm/dictionarybackend/handler/ElasticSearchHandler.java
/app/src/main/java/com/luanphm/dictionarybackend/dto/StudiableCardCountDTO.java
/app/src/main/java/com/luanphm/dictionarybackend/repository/card/CardCustomRepository.java
/app/src/main/java/com/luanphm/dictionarybackend/entity/CardStatus.java
/app/src/main/java/com/luanphm/dictionarybackend/entity/RapidApiError.java
/app/src/main/java/com/luanphm/dictionarybackend/entity/User.java
/app/src/main/java/com/luanphm/dictionarybackend/handler/MyJpaRepository.java
/app/src/main/java/com/luanphm/dictionarybackend/handler/DefinitionDetailMapping.java
/app/src/main/java/com/luanphm/dictionarybackend/service/UserService.java
/app/src/main/java/com/luanphm/dictionarybackend/dto/UserChangeEmailDTO.java
/app/src/main/java/com/luanphm/dictionarybackend/service/CardSetService.java
/app/src/main/java/com/luanphm/dictionarybackend/constant/ExceptionConstants.java
/app/src/main/java/com/luanphm/dictionarybackend/mapping/StudiableCardMapping.java
/app/src/main/java/com/luanphm/dictionarybackend/DictionaryBackendApplication.java
/app/src/main/java/com/luanphm/dictionarybackend/repository/card_set_session/CardSetSessionRepository.java
/app/src/main/java/com/luanphm/dictionarybackend/dto/RoleDTO.java
/app/src/main/java/com/luanphm/dictionarybackend/service/HintService.java
/app/src/main/java/com/luanphm/dictionarybackend/controller/LoginController.java
/app/src/main/java/com/luanphm/dictionarybackend/dto/StudiableCardIdDTO.java
/app/src/main/java/com/luanphm/dictionarybackend/constant/CommonConstants.java
/app/src/main/java/com/luanphm/dictionarybackend/dto/CardDTO.java
/app/src/main/java/com/luanphm/dictionarybackend/repository/card/CardCustomRepositoryImpl.java
/app/src/main/java/com/luanphm/dictionarybackend/repository/favorite_word/FavoriteWordElasticsearchRepositoryImpl.java
/app/src/main/java/com/luanphm/dictionarybackend/controller/CardController.java
/app/src/main/java/com/luanphm/dictionarybackend/service/WordDetailService.java
/app/src/main/java/com/luanphm/dictionarybackend/repository/card/CardJpaRepository.java
/app/src/main/java/com/luanphm/dictionarybackend/service/JsonWebTokenService.java
/app/src/main/java/com/luanphm/dictionarybackend/service/CardSetSessionServiceImpl.java
/app/src/main/java/com/luanphm/dictionarybackend/utility/RecordNotFoundException.java
/app/src/main/java/com/luanphm/dictionarybackend/service/StudiableCardServiceImpl.java
/app/src/main/java/com/luanphm/dictionarybackend/configuration/security/JwtAuthenticationFilter.java
/app/src/main/java/com/luanphm/dictionarybackend/mapping/WordDetailMapping.java
/app/src/main/java/com/luanphm/dictionarybackend/repository/hint/HintRepository.java
/app/src/main/java/com/luanphm/dictionarybackend/dto/WordDetailDTO.java
/app/src/main/java/com/luanphm/dictionarybackend/controller/ErrorController.java
/app/src/main/java/com/luanphm/dictionarybackend/configuration/redis/RedisConfiguration.java
/app/src/main/java/com/luanphm/dictionarybackend/configuration/security/WebSecurityConfig.java
/app/src/main/java/com/luanphm/dictionarybackend/dto/CardInsertManyDTO.java
/app/src/main/java/com/luanphm/dictionarybackend/service/CardSetSessionService.java
/app/src/main/java/com/luanphm/dictionarybackend/repository/card_set/CardSetCustomRepository.java
/app/src/main/java/com/luanphm/dictionarybackend/entity/FavoriteWord.java
/app/src/main/java/com/luanphm/dictionarybackend/dto/CardSetUpdateNameDTO.java
/app/src/main/java/com/luanphm/dictionarybackend/controller/HintController.java
/app/src/main/java/com/luanphm/dictionarybackend/controller/WordDetailController.java
/app/src/main/java/com/luanphm/dictionarybackend/entity/Card.java
/app/src/main/java/com/luanphm/dictionarybackend/dto/CardInsertDTO.java
/app/src/main/java/com/luanphm/dictionarybackend/service/FavoriteWordServiceImpl.java
/app/src/main/java/com/luanphm/dictionarybackend/entity/Role.java
/app/src/main/java/com/luanphm/dictionarybackend/mapping/StudiableCardIdMapping.java
/app/src/main/java/com/luanphm/dictionarybackend/dto/CardSetSessionDTO.java
/app/src/main/java/com/luanphm/dictionarybackend/repository/hint/HintElasticRepositoryImpl.java
/app/src/main/java/com/luanphm/dictionarybackend/service/SharedService/MyAbstractSession.java
/app/src/main/java/com/luanphm/dictionarybackend/controller/ExceptionController.java
/app/src/main/java/com/luanphm/dictionarybackend/service/UserServiceImpl.java
/app/src/main/java/com/luanphm/dictionarybackend/service/StudiableCardService.java
/app/src/main/java/com/luanphm/dictionarybackend/repository/card_set/CardSetJpaRepository.java
/app/src/main/java/com/luanphm/dictionarybackend/entity/WordDetail.java
/app/src/main/java/com/luanphm/dictionarybackend/dto/CardSetInsertDTO.java
/app/src/main/java/com/luanphm/dictionarybackend/mapping/common/BaseMapping.java
/app/src/main/java/com/luanphm/dictionarybackend/utility/Navigator.java
/app/src/main/java/com/luanphm/dictionarybackend/dto/DefinitionDetailDTO.java
/app/src/main/java/com/luanphm/dictionarybackend/service/CardServiceImpl.java
/app/src/main/java/com/luanphm/dictionarybackend/dto/UserRegisterDTO.java
/app/src/main/java/com/luanphm/dictionarybackend/controller/CardSetController.java
/app/src/main/java/com/luanphm/dictionarybackend/dto/StudiableCardLearnDTO.java
